Command line invocation:
    /Applications/Xcode-26.6-Final.app/Contents/Developer/usr/bin/xcodebuild -project MashreqApp.xcodeproj -scheme MashreqApp -sdk iphonesimulator -destination "generic/platform=iOS Simulator" -derivedDataPath QA/account-collapsing-header-2026-09-02/DerivedData CODE_SIGNING_ALLOWED=NO build

Build settings from command line:
    CODE_SIGNING_ALLOWED = NO
    SDKROOT = iphonesimulator26.5

ComputePackagePrebuildTargetDependencyGraph

Prepare packages

CreateBuildRequest

SendProjectDescription

CreateBuildOperation

ComputeTargetDependencyGraph
note: Building targets in dependency order
note: Target dependency graph (1 target)
    Target 'MashreqApp' in project 'MashreqApp' (no dependencies)

GatherProvisioningInputs

CreateBuildDescription

ExecuteExternalTool /Applications/Xcode-26.6-Final.app/Contents/Developer/usr/bin/actool --print-asset-tag-combinations --output-format xml1 /Users/macbookpro/Desktop/Mashreq /MashreqApp/MashreqApp/Assets.xcassets

ExecuteExternalTool /Applications/Xcode-26.6-Final.app/Contents/Developer/Toolchains/XcodeDefault.xctoolchain/usr/bin/clang -v -E -dM -isysroot /Applications/Xcode-26.6-Final.app/Contents/Developer/Platforms/iPhoneSimulator.platform/Developer/SDKs/iPhoneSimulator26.5.sdk -x c -c /dev/null

ExecuteExternalTool /Applications/Xcode-26.6-Final.app/Contents/Developer/usr/bin/actool --version --output-format xml1

ExecuteExternalTool /Applications/Xcode-26.6-Final.app/Contents/Developer/Toolchains/XcodeDefault.xctoolchain/usr/bin/swiftc --version

ExecuteExternalTool /Applications/Xcode-26.6-Final.app/Contents/Developer/Toolchains/XcodeDefault.xctoolchain/usr/bin/ld -version_details

Build description signature: bcc1e0776ed18cb2e51c95881efadeef
Build description path: /Users/macbookpro/Desktop/Mashreq /MashreqApp/QA/account-collapsing-header-2026-09-02/DerivedData/Build/Intermediates.noindex/XCBuildData/bcc1e0776ed18cb2e51c95881efadeef.xcbuilddata
error: unable to attach DB: error: accessing build database "/Users/macbookpro/Desktop/Mashreq /MashreqApp/QA/account-collapsing-header-2026-09-02/DerivedData/Build/Intermediates.noindex/XCBuildData/build.db": database is locked Possibly there are two concurrent builds running in the same filesystem location.
